// Vitest Snapshot v1, https://vitest.dev/guide/snapshot.html

exports[`syncElementsToYArray > adds 1 + 2 to equal 3 1`] = `
[
  {
    "angle": 0,
    "backgroundColor": "transparent",
    "boundElements": null,
    "fillStyle": "solid",
    "frameId": null,
    "groupIds": [],
    "height": 162.66665649414062,
    "id": "cIQh4r6HOcWQTbIKlVdc7",
    "index": 0,
    "isDeleted": false,
    "lastCommittedPoint": [
      5.33331298828125,
      162.66665649414062,
    ],
    "link": null,
    "locked": false,
    "opacity": 100,
    "points": [
      [
        0,
        0,
      ],
      [
        -62.66668701171875,
        62.666656494140625,
      ],
      [
        -68.66668701171875,
        75.33331298828125,
      ],
      [
        -72,
        96,
      ],
      [
        -72,
        100,
      ],
      [
        -70.66668701171875,
        112,
      ],
      [
        -69.3333740234375,
        119.33331298828125,
      ],
      [
        -66,
        124,
      ],
      [
        -60,
        134.66665649414062,
      ],
      [
        -50,
        144,
      ],
      [
        -42.66668701171875,
        149.33331298828125,
      ],
      [
        -36,
        152.66665649414062,
      ],
      [
        -30,
        154.66665649414062,
      ],
      [
        -28.66668701171875,
        155.33331298828125,
      ],
      [
        -18.66668701171875,
        158.66665649414062,
      ],
      [
        -17.3333740234375,
        158.66665649414062,
      ],
      [
        -12,
        160.66665649414062,
      ],
      [
        -8,
        161.33331298828125,
      ],
      [
        -6.66668701171875,
        162,
      ],
      [
        3.33331298828125,
        162,
      ],
      [
        4.6666259765625,
        162,
      ],
      [
        5.33331298828125,
        162.66665649414062,
      ],
      [
        5.33331298828125,
        162.66665649414062,
      ],
    ],
    "pressures": [],
    "roughness": 1,
    "roundness": null,
    "seed": 1238615798,
    "simulatePressure": true,
    "strokeColor": "#1e1e1e",
    "strokeStyle": "solid",
    "strokeWidth": 2,
    "type": "freedraw",
    "updated": 1726214550375,
    "version": 24,
    "versionNonce": 1958584298,
    "width": 77.33331298828125,
    "x": 927.3333740234375,
    "y": 171.66668701171875,
  },
  {
    "angle": 0,
    "backgroundColor": "transparent",
    "boundElements": null,
    "fillStyle": "solid",
    "frameId": null,
    "groupIds": [],
    "height": 13.33331298828125,
    "id": "_FY_CXdx9ffRERbgVngnV",
    "index": 1,
    "isDeleted": false,
    "lastCommittedPoint": [
      -104,
      13.33331298828125,
    ],
    "link": null,
    "locked": false,
    "opacity": 100,
    "points": [
      [
        0,
        0,
      ],
      [
        -12,
        3.33331298828125,
      ],
      [
        -16.66668701171875,
        4.666656494140625,
      ],
      [
        -21.33331298828125,
        6,
      ],
      [
        -28,
        7.33331298828125,
      ],
      [
        -56.66668701171875,
        11.33331298828125,
      ],
      [
        -60,
        12,
      ],
      [
        -68.66668701171875,
        12.666656494140625,
      ],
      [
        -84,
        12.666656494140625,
      ],
      [
        -86.66668701171875,
        12.666656494140625,
      ],
      [
        -92.66668701171875,
        12.666656494140625,
      ],
      [
        -94.66668701171875,
        13.33331298828125,
      ],
      [
        -95.33331298828125,
        13.33331298828125,
      ],
      [
        -98.66668701171875,
        13.33331298828125,
      ],
      [
        -99.33331298828125,
        13.33331298828125,
      ],
      [
        -100,
        13.33331298828125,
      ],
      [
        -102.66668701171875,
        13.33331298828125,
      ],
      [
        -104,
        13.33331298828125,
      ],
      [
        -104,
        13.33331298828125,
      ],
    ],
    "pressures": [],
    "roughness": 1,
    "roundness": null,
    "seed": 1837712630,
    "simulatePressure": true,
    "strokeColor": "#1e1e1e",
    "strokeStyle": "solid",
    "strokeWidth": 2,
    "type": "freedraw",
    "updated": 1726214588674,
    "version": 20,
    "versionNonce": 884557546,
    "width": 104,
    "x": 994.6666870117188,
    "y": 203.66668701171875,
  },
]
`;
